
=== DATASETS ROOT: data/stage1_datasets_L40  (run_group=compare_bc_iql_L40_top3_seed0_steps20k_ep200) ===
Variants: 3 -> ['shift4_noise_0p02', 'shift4_scale_0p8_1p2', 'shift4_scale_0p9_1p1']
Outputs: runs/compare_bc_iql_L40_top3_seed0_steps20k_ep200/stage1_iql_train_eval_summary

[1/3] variant=shift4_noise_0p02
Traceback (most recent call last):
  File "/Users/anniev18/Desktop/CS234/procgen-augmented-rl/scripts/train_eval_stage1_iql.py", line 218, in run_evaluation
    out = subprocess.check_output(cmd, stderr=subprocess.STDOUT, text=True)
  File "/opt/miniconda3/lib/python3.13/subprocess.py", line 472, in check_output
    return run(*popenargs, stdout=PIPE, timeout=timeout, check=True,
           ~~~^^^^^^^^^^^^^^^^^^^^^^^^^^^^^^^^^^^^^^^^^^^^^^^^^^^^^^
               **kwargs).stdout
               ^^^^^^^^^
  File "/opt/miniconda3/lib/python3.13/subprocess.py", line 577, in run
    raise CalledProcessError(retcode, process.args,
                             output=stdout, stderr=stderr)
subprocess.CalledProcessError: Command '['/opt/miniconda3/bin/python', 'scripts/eval_iql_procgen.py', '--ckpt', 'runs/compare_bc_iql_L40_top3_seed0_steps20k_ep200/iql_shift4_noise_0p02/iql_ckpt.pt', '--episodes', '200', '--seed', '0', '--train_start', '0', '--train_levels', '40', '--test_start', '40', '--test_levels', '500', '--distribution_mode', 'hard']' returned non-zero exit status 1.

The above exception was the direct cause of the following exception:

Traceback (most recent call last):
  File "/Users/anniev18/Desktop/CS234/procgen-augmented-rl/scripts/train_eval_stage1_iql.py", line 403, in <module>
    main()
    ~~~~^^
  File "/Users/anniev18/Desktop/CS234/procgen-augmented-rl/scripts/train_eval_stage1_iql.py", line 332, in main
    metrics, eval_elapsed = run_evaluation(
                            ~~~~~~~~~~~~~~^
        ckpt=ckpt,
        ^^^^^^^^^^
    ...<9 lines>...
        verbose=args.verbose,
        ^^^^^^^^^^^^^^^^^^^^^
    )
    ^
  File "/Users/anniev18/Desktop/CS234/procgen-augmented-rl/scripts/train_eval_stage1_iql.py", line 225, in run_evaluation
    raise RuntimeError(
        f"eval_iql_procgen.py failed for ckpt={ckpt} (exit code={e.returncode}).{where}\n{msg}"
    ) from e
RuntimeError: eval_iql_procgen.py failed for ckpt=runs/compare_bc_iql_L40_top3_seed0_steps20k_ep200/iql_shift4_noise_0p02/iql_ckpt.pt (exit code=1). See log: runs/compare_bc_iql_L40_top3_seed0_steps20k_ep200/stage1_iql_train_eval_summary/logs/iql_shift4_noise_0p02_eval.log
Traceback (most recent call last):
  File "/Users/anniev18/Desktop/CS234/procgen-augmented-rl/scripts/eval_iql_procgen.py", line 12, in <module>
    import numpy as np
ModuleNotFoundError: No module named 'numpy'


=== DATASETS ROOT: data/stage1_datasets_L40  (run_group=compare_bc_iql_L40_top3_seed1_steps20k_ep200) ===
Variants: 3 -> ['shift4_noise_0p02', 'shift4_scale_0p8_1p2', 'shift4_scale_0p9_1p1']
Outputs: runs/compare_bc_iql_L40_top3_seed1_steps20k_ep200/stage1_iql_train_eval_summary

[1/3] variant=shift4_noise_0p02
Traceback (most recent call last):
  File "/Users/anniev18/Desktop/CS234/procgen-augmented-rl/scripts/train_eval_stage1_iql.py", line 403, in <module>
    main()
    ~~~~^^
  File "/Users/anniev18/Desktop/CS234/procgen-augmented-rl/scripts/train_eval_stage1_iql.py", line 309, in main
    ckpt, skipped, train_elapsed = run_training(
                                   ~~~~~~~~~~~~^
        vdir=vdir,
        ^^^^^^^^^^
    ...<18 lines>...
        verbose=args.verbose,
        ^^^^^^^^^^^^^^^^^^^^^
    )
    ^
  File "/Users/anniev18/Desktop/CS234/procgen-augmented-rl/scripts/train_eval_stage1_iql.py", line 164, in run_training
    raise RuntimeError(f"Training failed for variant={variant}. See log: {log_path}")
RuntimeError: Training failed for variant=shift4_noise_0p02. See log: runs/compare_bc_iql_L40_top3_seed1_steps20k_ep200/stage1_iql_train_eval_summary/logs/shift4_noise_0p02_train.log

=== DATASETS ROOT: data/stage1_datasets_L40  (run_group=compare_bc_iql_L40_top3_seed2_steps20k_ep200) ===
Variants: 3 -> ['shift4_noise_0p02', 'shift4_scale_0p8_1p2', 'shift4_scale_0p9_1p1']
Outputs: runs/compare_bc_iql_L40_top3_seed2_steps20k_ep200/stage1_iql_train_eval_summary

[1/3] variant=shift4_noise_0p02
Traceback (most recent call last):
  File "/Users/anniev18/Desktop/CS234/procgen-augmented-rl/scripts/train_eval_stage1_iql.py", line 403, in <module>
    main()
    ~~~~^^
  File "/Users/anniev18/Desktop/CS234/procgen-augmented-rl/scripts/train_eval_stage1_iql.py", line 309, in main
    ckpt, skipped, train_elapsed = run_training(
                                   ~~~~~~~~~~~~^
        vdir=vdir,
        ^^^^^^^^^^
    ...<18 lines>...
        verbose=args.verbose,
        ^^^^^^^^^^^^^^^^^^^^^
    )
    ^
  File "/Users/anniev18/Desktop/CS234/procgen-augmented-rl/scripts/train_eval_stage1_iql.py", line 164, in run_training
    raise RuntimeError(f"Training failed for variant={variant}. See log: {log_path}")
RuntimeError: Training failed for variant=shift4_noise_0p02. See log: runs/compare_bc_iql_L40_top3_seed2_steps20k_ep200/stage1_iql_train_eval_summary/logs/shift4_noise_0p02_train.log
